---
source: src/storage/json.rs
expression: data
---
{
  "channels": {
    "items": [
      {
        "id": {
          "User": "966960e0-a8cd-43f1-ac7a-2c986dd470cd"
        },
        "name": "direct-channel",
        "group_data": null,
        "messages": [
          {
            "from_id": "a955d20f-6b83-4e69-846e-a99b1779ff7a",
            "message": "hello",
            "arrived_at": 1664832050000,
            "quote": null,
            "attachments": [],
            "reactions": [],
            "receipt": "Nothing",
            "body_ranges": [],
            "edit": null,
            "edited": false
          }
        ],
        "unread_messages": 1
      },
      {
        "id": {
          "Group": [
            52,
            49,
            52,
            57,
            98,
            57,
            54,
            56,
            54,
            56,
            48,
            55,
            102,
            100,
            98,
            52,
            97,
            56,
            99,
            57,
            53,
            100,
            57,
            98,
            53,
            52,
            49,
            51,
            98,
            98,
            99,
            100
          ]
        },
        "name": "group-channel",
        "group_data": null,
        "messages": [
          {
            "from_id": "ac9b8aa1-691a-47e1-a566-d3e942945d07",
            "message": "world",
            "arrived_at": 1664832050001,
            "quote": null,
            "attachments": [],
            "reactions": [],
            "receipt": "Nothing",
            "body_ranges": [],
            "edit": null,
            "edited": false
          }
        ],
        "unread_messages": 2
      }
    ]
  },
  "names": {
    "966960e0-a8cd-43f1-ac7a-2c986dd470cd": "ellie",
    "a955d20f-6b83-4e69-846e-a99b1779ff7a": "joel"
  },
  "contacts_sync_request_at": "2000-01-01T00:00:00Z"
}
